// Vitest Snapshot v1, https://vitest.dev/guide/snapshot.html

exports[`Card Component > renders Card correctly 1`] = `
<DocumentFragment>
  <div
    class="rounded-lg border bg-card text-card-foreground shadow-sm"
  >
    <div
      class="flex flex-col space-y-1.5 p-6"
    >
      <h3
        class="text-lg font-semibold leading-none tracking-tight"
      >
        Test Title
      </h3>
      <p
        class="text-sm text-muted-foreground"
      >
        Test Description
      </p>
    </div>
    <div
      class="p-6 pt-0"
    >
      Test Content
    </div>
    <div
      class="flex items-center p-6 pt-0"
    >
      Test Footer
    </div>
  </div>
</DocumentFragment>
`;
